

================================================================
== Vivado HLS Report for 'sobel_filter'
================================================================
* Date:           Sun Aug  6 15:50:59 2023

* Version:        2019.1 (Build 2552052 on Fri May 24 15:28:33 MDT 2019)
* Project:        edgeDetecion
* Solution:       solution1
* Product family: spartan7
* Target device:  xc7s100-fgga676-2


================================================================
== Performance Estimates
================================================================
+ Timing (ns): 
    * Summary: 
    +--------+-------+----------+------------+
    |  Clock | Target| Estimated| Uncertainty|
    +--------+-------+----------+------------+
    |ap_clk  |  10.00|     7.907|        1.25|
    +--------+-------+----------+------------+

+ Latency (clock cycles): 
    * Summary: 
    +---------+---------+---------+---------+---------+
    |      Latency      |      Interval     | Pipeline|
    |   min   |   max   |   min   |   max   |   Type  |
    +---------+---------+---------+---------+---------+
    |  1821721|  1821721|  1821721|  1821721|   none  |
    +---------+---------+---------+---------+---------+

    + Detail: 
        * Instance: 
        N/A

        * Loop: 
        +-------------+---------+---------+----------+-----------+-----------+------+----------+
        |             |      Latency      | Iteration|  Initiation Interval  | Trip |          |
        |  Loop Name  |   min   |   max   |  Latency |  achieved |   target  | Count| Pipelined|
        +-------------+---------+---------+----------+-----------+-----------+------+----------+
        |- Loop 1     |  1821720|  1821720|      3572|          -|          -|   510|    no    |
        | + Loop 1.1  |     3570|     3570|         7|          -|          -|   510|    no    |
        +-------------+---------+---------+----------+-----------+-----------+------+----------+



================================================================
== Utilization Estimates
================================================================
* Summary: 
+-----------------+---------+-------+--------+-------+-----+
|       Name      | BRAM_18K| DSP48E|   FF   |  LUT  | URAM|
+-----------------+---------+-------+--------+-------+-----+
|DSP              |        -|      -|       -|      -|    -|
|Expression       |        -|      -|       0|    514|    -|
|FIFO             |        -|      -|       -|      -|    -|
|Instance         |        -|      -|       -|      -|    -|
|Memory           |        -|      -|       -|      -|    -|
|Multiplexer      |        -|      -|       -|    137|    -|
|Register         |        -|      -|     188|      -|    -|
+-----------------+---------+-------+--------+-------+-----+
|Total            |        0|      0|     188|    651|    0|
+-----------------+---------+-------+--------+-------+-----+
|Available        |      240|    160|  128000|  64000|    0|
+-----------------+---------+-------+--------+-------+-----+
|Utilization (%)  |        0|      0|   ~0   |      1|    0|
+-----------------+---------+-------+--------+-------+-----+

+ Detail: 
    * Instance: 
    N/A

    * DSP48E: 
    N/A

    * Memory: 
    N/A

    * FIFO: 
    N/A

    * Expression: 
    +-----------------------+----------+-------+---+----+------------+------------+
    |     Variable Name     | Operation| DSP48E| FF| LUT| Bitwidth P0| Bitwidth P1|
    +-----------------------+----------+-------+---+----+------------+------------+
    |add_ln10_1_fu_510_p2   |     +    |      0|  0|   8|           8|           8|
    |add_ln10_fu_516_p2     |     +    |      0|  0|   8|           8|           8|
    |add_ln12_fu_561_p2     |     +    |      0|  0|  15|           8|           8|
    |add_ln8_10_fu_345_p2   |     +    |      0|  0|  17|          10|          10|
    |add_ln8_11_fu_453_p2   |     +    |      0|  0|   8|          11|          11|
    |add_ln8_1_fu_230_p2    |     +    |      0|  0|  25|          18|          18|
    |add_ln8_2_fu_240_p2    |     +    |      0|  0|  16|           2|           9|
    |add_ln8_4_fu_259_p2    |     +    |      0|  0|  26|          19|          19|
    |add_ln8_5_fu_279_p2    |     +    |      0|  0|  17|          10|          10|
    |add_ln8_6_fu_288_p2    |     +    |      0|  0|  25|          18|          18|
    |add_ln8_7_fu_264_p2    |     +    |      0|  0|  26|          19|          19|
    |add_ln8_8_fu_325_p2    |     +    |      0|  0|  25|          18|          18|
    |add_ln8_9_fu_335_p2    |     +    |      0|  0|  16|           9|           9|
    |add_ln8_fu_220_p2      |     +    |      0|  0|  18|          11|          11|
    |add_ln9_1_fu_383_p2    |     +    |      0|  0|  25|          18|          18|
    |add_ln9_2_fu_403_p2    |     +    |      0|  0|   8|          10|          10|
    |add_ln9_3_fu_490_p2    |     +    |      0|  0|   8|          11|          11|
    |add_ln9_fu_369_p2      |     +    |      0|  0|  25|          18|          18|
    |gx_sum_fu_459_p2       |     +    |      0|  0|   8|          11|          11|
    |i_fu_269_p2            |     +    |      0|  0|  16|           9|           1|
    |j_fu_580_p2            |     +    |      0|  0|  16|           1|           9|
    |gy_sum_fu_496_p2       |     -    |      0|  0|   8|          11|          11|
    |sub_ln10_fu_521_p2     |     -    |      0|  0|  15|           1|           8|
    |sub_ln11_fu_547_p2     |     -    |      0|  0|  15|           1|           8|
    |sub_ln8_fu_437_p2      |     -    |      0|  0|  18|          11|          11|
    |sub_ln9_1_fu_409_p2    |     -    |      0|  0|   8|          10|          10|
    |sub_ln9_fu_351_p2      |     -    |      0|  0|  16|           9|           9|
    |icmp_ln6_fu_168_p2     |   icmp   |      0|  0|  13|           9|           2|
    |icmp_ln7_fu_214_p2     |   icmp   |      0|  0|  13|           9|           2|
    |or_ln8_1_fu_192_p2     |    or    |      0|  0|  18|          18|           1|
    |or_ln8_fu_182_p2       |    or    |      0|  0|  18|          18|           9|
    |select_ln10_fu_527_p3  |  select  |      0|  0|   8|           1|           8|
    |select_ln11_fu_553_p3  |  select  |      0|  0|   8|           1|           8|
    +-----------------------+----------+-------+---+----+------------+------------+
    |Total                  |          |      0|  0| 514|         346|         341|
    +-----------------------+----------+-------+---+----+------------+------------+

    * Multiplexer: 
    +---------------+----+-----------+-----+-----------+
    |      Name     | LUT| Input Size| Bits| Total Bits|
    +---------------+----+-----------+-----+-----------+
    |ap_NS_fsm      |  47|         10|    1|         10|
    |i_0_reg_134    |   9|          2|    9|         18|
    |in_r_address0  |  27|          5|   18|         90|
    |in_r_address1  |  27|          5|   18|         90|
    |j_0_reg_146    |   9|          2|    9|         18|
    |reg_158        |   9|          2|    8|         16|
    |reg_163        |   9|          2|    8|         16|
    +---------------+----+-----------+-----+-----------+
    |Total          | 137|         28|   71|        258|
    +---------------+----+-----------+-----+-----------+

    * Register: 
    +--------------------+----+----+-----+-----------+
    |        Name        | FF | LUT| Bits| Const Bits|
    +--------------------+----+----+-----+-----------+
    |add_ln12_reg_708    |   8|   0|    8|          0|
    |add_ln8_10_reg_666  |  10|   0|   10|          0|
    |add_ln8_4_reg_626   |  19|   0|   19|          0|
    |add_ln8_5_reg_646   |  10|   0|   10|          0|
    |add_ln8_7_reg_631   |  19|   0|   19|          0|
    |ap_CS_fsm           |   9|   0|    9|          0|
    |i_0_reg_134         |   9|   0|    9|          0|
    |in_load_5_reg_676   |   8|   0|    8|          0|
    |in_load_6_reg_693   |   8|   0|    8|          0|
    |in_load_7_reg_698   |   8|   0|    8|          0|
    |j_0_reg_146         |   9|   0|    9|          0|
    |reg_158             |   8|   0|    8|          0|
    |reg_163             |   8|   0|    8|          0|
    |shl_ln8_reg_589     |   9|   0|   18|          9|
    |sub_ln9_1_reg_703   |  10|   0|   10|          0|
    |sub_ln9_reg_671     |   9|   0|    9|          0|
    |zext_ln7_reg_608    |   9|   0|   10|          1|
    |zext_ln8_1_reg_603  |   9|   0|   19|         10|
    |zext_ln8_reg_598    |   9|   0|   19|         10|
    +--------------------+----+----+-----+-----------+
    |Total               | 188|   0|  218|         30|
    +--------------------+----+----+-----+-----------+



================================================================
== Interface
================================================================
* Summary: 
+----------------+-----+-----+------------+--------------+--------------+
|    RTL Ports   | Dir | Bits|  Protocol  | Source Object|    C Type    |
+----------------+-----+-----+------------+--------------+--------------+
|ap_clk          |  in |    1| ap_ctrl_hs | sobel_filter | return value |
|ap_rst          |  in |    1| ap_ctrl_hs | sobel_filter | return value |
|ap_start        |  in |    1| ap_ctrl_hs | sobel_filter | return value |
|ap_done         | out |    1| ap_ctrl_hs | sobel_filter | return value |
|ap_idle         | out |    1| ap_ctrl_hs | sobel_filter | return value |
|ap_ready        | out |    1| ap_ctrl_hs | sobel_filter | return value |
|in_r_address0   | out |   18|  ap_memory |     in_r     |     array    |
|in_r_ce0        | out |    1|  ap_memory |     in_r     |     array    |
|in_r_q0         |  in |    8|  ap_memory |     in_r     |     array    |
|in_r_address1   | out |   18|  ap_memory |     in_r     |     array    |
|in_r_ce1        | out |    1|  ap_memory |     in_r     |     array    |
|in_r_q1         |  in |    8|  ap_memory |     in_r     |     array    |
|out_r_address0  | out |   18|  ap_memory |     out_r    |     array    |
|out_r_ce0       | out |    1|  ap_memory |     out_r    |     array    |
|out_r_we0       | out |    1|  ap_memory |     out_r    |     array    |
|out_r_d0        | out |    8|  ap_memory |     out_r    |     array    |
+----------------+-----+-----+------------+--------------+--------------+

